// Jest Snapshot v1, https://goo.gl/fbAQLP

exports[`Карточка фильма в каталоге отрисовывается верно 1`] = `
<article
  className="small-movie-card catalog__movies-card"
  onMouseEnter={[Function]}
  onMouseLeave={[Function]}
>
  <div
    className="small-movie-card__image"
  >
    <img
      alt="movie name"
      height="175"
      src="movie image"
      width="280"
    />
  </div>
  <h3
    className="small-movie-card__title"
  >
    <a
      className="small-movie-card__link"
      href="movie-page.html"
    >
      movie name
    </a>
  </h3>
</article>
`;
